---
source: src/tests/parser.rs
expression: "parse_program(\"\n        super instr(arg1, arg2, arg3) {\n            +-arg1 arg2 arg3\n        }\n\n        super instr2() {\n            instr(++, --, super instr3() {\n                instr(++, --, ++)\n            })\n        }\n        \",).map(|is|\nis.reconstruct())"
snapshot_kind: text
---
Ok(
    "super instr(arg1, arg2, arg3) {\n +\n -\n arg1\n arg2\n arg3\n}\n\nsuper instr2() {\n instr(++, --, super instr3() {\n instr(++, --, ++)\n}\n)\n}\n",
)
